[INFO] Scanning for projects...
[INFO] 
[INFO] -----------------< com.classroom.ai:classroom-backend >-----------------
[INFO] Building classroom-backend 0.0.1-SNAPSHOT
[INFO]   from pom.xml
[INFO] --------------------------------[ jar ]---------------------------------
[INFO] 
[INFO] --- resources:3.3.1:resources (default-resources) @ classroom-backend ---
[INFO] Copying 1 resource from src/main/resources to target/classes
[INFO] Copying 0 resource from src/main/resources to target/classes
[INFO] 
[INFO] --- compiler:3.13.0:compile (default-compile) @ classroom-backend ---
[INFO] Nothing to compile - all classes are up to date.
[INFO] 
[INFO] --- resources:3.3.1:testResources (default-testResources) @ classroom-backend ---
[INFO] skip non existing resourceDirectory /workspace/classroom-ai/backend/src/test/resources
[INFO] 
[INFO] --- compiler:3.13.0:testCompile (default-testCompile) @ classroom-backend ---
[INFO] Nothing to compile - all classes are up to date.
[INFO] 
[INFO] --- surefire:3.2.5:test (default-test) @ classroom-backend ---
[INFO] Using auto detected provider org.apache.maven.surefire.junitplatform.JUnitPlatformProvider
[INFO] 
[INFO] -------------------------------------------------------
[INFO]  T E S T S
[INFO] -------------------------------------------------------
[INFO] Running com.classroom.ai.modules.Sprint2MysqlTest
Standard Commons Logging discovery in action with spring-jcl: please remove commons-logging.jar from classpath in order to avoid potential conflicts
09:24:00.324 [main] INFO org.springframework.test.context.support.AnnotationConfigContextLoaderUtils -- Could not detect default configuration classes for test class [com.classroom.ai.modules.Sprint2MysqlTest]: Sprint2MysqlTest does not declare any static, non-private, non-final, nested classes annotated with @Configuration.
09:24:00.880 [main] INFO org.springframework.boot.test.context.SpringBootTestContextBootstrapper -- Found @SpringBootConfiguration com.classroom.ai.ClassroomBackendApplication for test class com.classroom.ai.modules.Sprint2MysqlTest

  .   ____          _            __ _ _
 /\\ / ___'_ __ _ _(_)_ __  __ _ \ \ \ \
( ( )\___ | '_ | '_| | '_ \/ _` | \ \ \ \
 \\/  ___)| |_)| | | | | || (_| |  ) ) ) )
  '  |____| .__|_| |_|_| |_\__, | / / / /
 =========|_|==============|___/=/_/_/_/

 :: Spring Boot ::                (v3.3.4)

2026-10-06T09:24:02.359Z  INFO 9379 --- [classroom-backend] [           main] c.classroom.ai.modules.Sprint2MysqlTest  : Starting Sprint2MysqlTest using Java 21.0.7 with PID 9379 (started by agent in /workspace/classroom-ai/backend)
2026-10-06T09:24:02.373Z  INFO 9379 --- [classroom-backend] [           main] c.classroom.ai.modules.Sprint2MysqlTest  : No active profile set, falling back to 1 default profile: "default"
2026-10-06T09:24:05.967Z  INFO 9379 --- [classroom-backend] [           main] .s.d.r.c.RepositoryConfigurationDelegate : Multiple Spring Data modules found, entering strict repository configuration mode
2026-10-06T09:24:05.974Z  INFO 9379 --- [classroom-backend] [           main] .s.d.r.c.RepositoryConfigurationDelegate : Bootstrapping Spring Data JPA repositories in DEFAULT mode.
2026-10-06T09:24:07.042Z  INFO 9379 --- [classroom-backend] [           main] .s.d.r.c.RepositoryConfigurationDelegate : Finished Spring Data repository scanning in 1014 ms. Found 22 JPA repository interfaces.
2026-10-06T09:24:08.542Z  INFO 9379 --- [classroom-backend] [           main] o.hibernate.jpa.internal.util.LogHelper  : HHH000204: Processing PersistenceUnitInfo [name: default]
2026-10-06T09:24:08.724Z  INFO 9379 --- [classroom-backend] [           main] org.hibernate.Version                    : HHH000412: Hibernate ORM core version 6.5.3.Final
2026-10-06T09:24:08.862Z  INFO 9379 --- [classroom-backend] [           main] o.h.c.internal.RegionFactoryInitiator    : HHH000026: Second-level cache disabled
2026-10-06T09:24:09.535Z  INFO 9379 --- [classroom-backend] [           main] o.s.o.j.p.SpringPersistenceUnitInfo      : No LoadTimeWeaver setup: ignoring JPA class transformer
2026-10-06T09:24:09.568Z  INFO 9379 --- [classroom-backend] [           main] com.zaxxer.hikari.HikariDataSource       : ClassroomHikariCP - Starting...
2026-10-06T09:24:09.949Z  INFO 9379 --- [classroom-backend] [           main] com.zaxxer.hikari.pool.HikariPool        : ClassroomHikariCP - Added connection com.mysql.cj.jdbc.ConnectionImpl@5e24592e
2026-10-06T09:24:09.951Z  INFO 9379 --- [classroom-backend] [           main] com.zaxxer.hikari.HikariDataSource       : ClassroomHikariCP - Start completed.
2026-10-06T09:24:10.056Z  WARN 9379 --- [classroom-backend] [           main] org.hibernate.orm.deprecation            : HHH90000025: MySQLDialect does not need to be specified explicitly using 'hibernate.dialect' (remove the property setting and it will be selected by default)
2026-10-06T09:24:13.714Z  INFO 9379 --- [classroom-backend] [           main] o.h.e.t.j.p.i.JtaPlatformInitiator       : HHH000489: No JTA platform available (set 'hibernate.transaction.jta.platform' to enable JTA platform integration)
2026-10-06T09:24:14.741Z  INFO 9379 --- [classroom-backend] [           main] j.LocalContainerEntityManagerFactoryBean : Initialized JPA EntityManagerFactory for persistence unit 'default'
2026-10-06T09:24:15.517Z  INFO 9379 --- [classroom-backend] [           main] o.s.d.j.r.query.QueryEnhancerFactory     : Hibernate is in classpath; If applicable, HQL parser will be used.
2026-10-06T09:24:20.952Z  INFO 9379 --- [classroom-backend] [           main] c.classroom.ai.modules.Sprint2MysqlTest  : Started Sprint2MysqlTest in 19.805 seconds (process running for 23.44)
WARNING: A Java agent has been loaded dynamically (/workspace/.cache/maven/net/bytebuddy/byte-buddy-agent/1.14.19/byte-buddy-agent-1.14.19.jar)
WARNING: If a serviceability tool is in use, please run with -XX:+EnableDynamicAgentLoading to hide this warning
WARNING: If a serviceability tool is not in use, please run with -Djdk.instrument.traceUsage for more information
WARNING: Dynamic loading of agents will be disallowed by default in a future release
OpenJDK 64-Bit Server VM warning: Sharing is only supported for boot loader classes because bootstrap classpath has been appended
2026-10-06T09:24:27.568Z  WARN 9379 --- [classroom-backend] [           main] o.a.pdfbox.pdmodel.font.PDType1Font      : Using fallback font LiberationSans for base font Symbol
2026-10-06T09:24:27.570Z  WARN 9379 --- [classroom-backend] [           main] o.a.pdfbox.pdmodel.font.PDType1Font      : Using fallback font LiberationSans for base font ZapfDingbats
[INFO] Tests run: 4, Failures: 0, Errors: 0, Skipped: 0, Time elapsed: 28.89 s -- in com.classroom.ai.modules.Sprint2MysqlTest
[INFO] 
[INFO] Results:
[INFO] 
[INFO] Tests run: 4, Failures: 0, Errors: 0, Skipped: 0
[INFO] 
[INFO] ------------------------------------------------------------------------
[INFO] BUILD SUCCESS
[INFO] ------------------------------------------------------------------------
[INFO] Total time:  35.636 s
[INFO] Finished at: 2026-10-06T09:24:28Z
[INFO] ------------------------------------------------------------------------
